/cmmc/u/aabdelkawy/ahmed/vdm_project/5.TiN111_Ni111_4_7_23/TiN111_Ni111_interface/vasp_jobs/defective_interface/tin_ni_interf_surf_ni_sub_Nb_hdf5/tin_ni_interf_surf_ni_sub_Nb
Hostname: cmfe141
Date: Tue 25 Jul 2023 11:29:19 AM CEST
JobID: 5826431
